// Jest Snapshot v1, https://goo.gl/fbAQLP

exports[`props should render correctly 1`] = `
<div
  class="wp-components-flex wp-components-base-field wp-components-text-input wp-components-unit-input css-in42v"
  data-g2-c16t="true"
  data-g2-component="TextInputWrapper"
>
  <input
    autocomplete="off"
    class="css-16e6wng"
    data-g2-c16t="true"
    data-g2-component="TextInput"
    id="text-input"
    spellcheck="false"
    type="text"
    value=""
  />
  <div
    class="wp-components-flex wp-components-h-stack wp-components-v-stack css-bv5fib"
    data-g2-c16t="true"
    data-g2-component="TextInputArrows"
  >
    <div
      class="wp-components-icon css-1vrpdm9"
      data-g2-c16t="true"
      data-g2-component="TextInputArrowUp"
      tabindex="-1"
    >
      <svg
        aria-hidden="true"
        fill="currentColor"
        focusable="false"
        viewBox="0 0 20 20"
      >
        <path
          d="M15 12l-5-5-5 5h10z"
        />
      </svg>
    </div>
    <div
      class="wp-components-icon css-7v1vli"
      data-g2-c16t="true"
      data-g2-component="TextInputArrowDown"
      tabindex="-1"
    >
      <svg
        aria-hidden="true"
        fill="currentColor"
        focusable="false"
        viewBox="0 0 20 20"
      >
        <path
          d="M5 8l5 5 5-5H5z"
        />
      </svg>
    </div>
  </div>
</div>
`;
