// Jest Snapshot v1, https://goo.gl/fbAQLP

exports[`props should render correctly 1`] = `
<div
  class="wp-components-flex wp-components-base-field wp-components-text-input css-y9yw3x"
  data-g2-c16t="true"
  data-g2-component="TextInputWrapper"
>
  <input
    class="css-7h3rix"
    data-g2-c16t="true"
    data-g2-component="TextInput"
    id="text-input"
    value=""
  />
</div>
`;
