// Jest Snapshot v1, https://goo.gl/fbAQLP

exports[`props should render correctly 1`] = `
<button
  aria-busy="false"
  class="wp-components-flex wp-components-base-button wp-components-button wp-components-color-control css-90o1hp"
  data-destructive="false"
  data-focused="false"
  data-g2-c16t="true"
  data-g2-component="ColorControl"
  data-icon="false"
  type="button"
>
  <span
    class="wp-components-flex-item css-n2bnnp"
    data-g2-c16t="true"
    data-g2-component="ButtonPrefix"
  >
    <div
      class="wp-components-color-circle css-mv29v4"
      data-g2-c16t="true"
      data-g2-component="ColorCircle"
      style="background-color: rgb(0, 0, 255);"
    />
  </span>
  <span
    class="wp-components-flex-item css-19mrak6"
    data-g2-c16t="true"
    data-g2-component="ButtonContent"
  >
    I like warm hugs
  </span>
  <span
    class="wp-components-elevation css-17x6dun"
    data-g2-c16t="true"
    data-g2-component="ButtonElevation"
  />
</button>
`;
