// Jest Snapshot v1, https://goo.gl/fbAQLP

exports[`props should render correctly 1`] = `
<div
  class="wp-components-truncate wp-components-text wp-components-subheading css-epbge3"
  data-g2-c16t="true"
  data-g2-component="Subheading"
>
  Some people are worth melting for.
</div>
`;
