// Jest Snapshot v1, https://goo.gl/fbAQLP

exports[`props should render correctly 1`] = `
<div
  class="wp-components-flex wp-components-base-field css-10xcttm"
  data-g2-c16t="true"
  data-g2-component="BaseField"
/>
`;
