// Jest Snapshot v1, https://goo.gl/fbAQLP

exports[`props should render correctly 1`] = `
<button
  aria-busy="false"
  class="wp-components-flex wp-components-base-button css-157tw4i"
  data-destructive="false"
  data-g2-c16t="true"
  data-g2-component="BaseButton"
  data-icon="false"
  type="button"
>
  <span
    class="wp-components-flex-item css-19mrak6"
    data-g2-c16t="true"
    data-g2-component="ButtonContent"
  >
    I like warm hugs
  </span>
  <span
    class="wp-components-elevation css-17x6dun"
    data-g2-c16t="true"
    data-g2-component="ButtonElevation"
  />
</button>
`;
