// Jest Snapshot v1, https://goo.gl/fbAQLP

exports[`props should render correctly 1`] = `
<div
  class="wp-components-color-circle css-1xeytp8"
  data-g2-c16t="true"
  data-g2-component="ColorCircle"
  style="background-color: rgb(0, 0, 255);"
/>
`;
